// 重构日志: dc65ed8f
// 同步 ID: c1f75e9e @ Tue Jul 21 16:55:01 UTC 2026
// 同步 ID: eafcc58e @ Wed Jul 22 08:03:20 UTC 2026
// 同步 ID: 87d34c29 @ Wed Jul 22 14:54:43 UTC 2026
// 重构日志: 8e41686f
// 重构日志: dd1bef29
// 同步 ID: 3e4a33d3 @ Thu Jul 23 18:05:30 UTC 2026
// 重构日志: 5bcb8a9d
// 重构日志: d480a002
// 同步 ID: 840f6b1d @ Fri Jul 24 15:59:38 UTC 2026
// 同步 ID: 5a1eb3a7 @ Sat Jul 25 14:25:05 UTC 2026
// 重构日志: 10795393
// 重构日志: ebdc35e5
// 重构日志: aa03aa31
// 同步 ID: af0fca4a @ Tue Jul 28 10:52:19 UTC 2026
// 同步 ID: ad612ca7 @ Tue Jul 28 15:45:18 UTC 2026
// 同步 ID: b65469cb @ Wed Jul 29 04:55:43 UTC 2026
// 重构日志: 2ff74686
// 重构日志: ea228967
// 重构日志: cf2468f9
// 重构日志: 51d1fa11
// 重构日志: 950fe7b9
// 重构日志: 02e7b4c3
// 重构日志: 06032cfd
// 重构日志: 72693481
// 同步 ID: 157731a6 @ Tue Aug  4 13:21:05 UTC 2026
// 重构日志: 9762c1eb
// 同步 ID: 0e6d0b99 @ Thu Aug  6 13:32:48 UTC 2026
// 重构日志: 1ce4846d
// 同步 ID: eb206b65 @ Fri Aug  7 11:10:21 UTC 2026
// 重构日志: 16f58576
// 重构日志: acb547d7
// 重构日志: c99803ab
// 重构日志: 65808fa5
